Component: ARM Compiler 5.06 update 6 (build 750) Tool: armlink [4d35ed]

==============================================================================

Section Cross References



==============================================================================

Image Symbol Table

    Local Symbols

    Symbol Name                              Value     Ov Type        Size  Object(Section)

    RESET                                    0x00000000   Section      496  lab5.o(RESET)
    lab5.s                                   0x00000000   Number         0  lab5.o ABSOLUTE
    STR0                                     0x00000148   Data          14  lab5.o(RESET)
    YES                                      0x00000156   Data           4  lab5.o(RESET)
    NO                                       0x0000015a   Data           4  lab5.o(RESET)

    Global Symbols

    Symbol Name                              Value     Ov Type        Size  Object(Section)

    BuildAttributes$$THM_ISAv1$ARM_ISAv4$S$PE$A:L22$X:L11$S22$IEEE1$IW$USESV6$~STKCKD$USESV7$~SHL$OSPACE$EBA8$STANDARDLIB$EABIv2 0x00000000   Number         0  anon$$obj.o ABSOLUTE



==============================================================================

Memory Map of the image

  Image Entry point : 0x00000000

  Load Region LR_IROM1 (Base: 0x00000000, Size: 0x000001f0, Max: 0x00080000, ABSOLUTE)

    Execution Region ER_IROM1 (Exec base: 0x00000000, Load base: 0x00000000, Size: 0x000001f0, Max: 0x00080000, ABSOLUTE)

    Exec Addr    Load Addr    Size         Type   Attr      Idx    E Section Name        Object

    0x00000000   0x00000000   0x000001f0   Code   RO            1  * RESET               lab5.o


    Execution Region RW_IRAM1 (Exec base: 0x40000000, Load base: 0x000001f0, Size: 0x00000000, Max: 0x00010000, ABSOLUTE, UNINIT)

    **** No section assigned to this execution region ****


==============================================================================

Image component sizes


      Code (inc. data)   RO Data    RW Data    ZI Data      Debug   Object Name

       496         64          0          0          0        352   lab5.o

    ----------------------------------------------------------------------
       496         64          0          0          0        352   Object Totals
         0          0          0          0          0          0   (incl. Generated)
         0          0          0          0          0          0   (incl. Padding)

    ----------------------------------------------------------------------
         0          0          0          0          0          0   Library Totals
         0          0          0          0          0          0   (incl. Padding)

    ----------------------------------------------------------------------

==============================================================================


      Code (inc. data)   RO Data    RW Data    ZI Data      Debug   

       496         64          0          0          0        352   Grand Totals
       496         64          0          0          0        352   ELF Image Totals
       496         64          0          0          0          0   ROM Totals

==============================================================================

    Total RO  Size (Code + RO Data)                  496 (   0.48kB)
    Total RW  Size (RW Data + ZI Data)                 0 (   0.00kB)
    Total ROM Size (Code + RO Data + RW Data)        496 (   0.48kB)

==============================================================================

