Component: ARM Compiler 5.06 update 6 (build 750) Tool: armlink [4d35ed]

==============================================================================

Section Cross References

    lab2-recursion.o(RESET) refers to lab2-recursion.o(globals) for SORTED


==============================================================================

Image Symbol Table

    Local Symbols

    Symbol Name                              Value     Ov Type        Size  Object(Section)

    RESET                                    0x00000000   Section      212  lab2-recursion.o(RESET)
    lab2-recursion.s                         0x00000000   Number         0  lab2-recursion.o ABSOLUTE
    UNSORT                                   0x000000a4   Data          40  lab2-recursion.o(RESET)
    globals                                  0x40000000   Section       40  lab2-recursion.o(globals)
    SORTED                                   0x40000000   Data          40  lab2-recursion.o(globals)

    Global Symbols

    Symbol Name                              Value     Ov Type        Size  Object(Section)

    BuildAttributes$$THM_ISAv1$ARM_ISAv4$S$PE$A:L22$X:L11$S22$IEEE1$IW$USESV6$~STKCKD$USESV7$~SHL$OSPACE$EBA8$STANDARDLIB$EABIv2 0x00000000   Number         0  anon$$obj.o ABSOLUTE



==============================================================================

Memory Map of the image

  Image Entry point : 0x00000000

  Load Region LR_IROM1 (Base: 0x00000000, Size: 0x000000fc, Max: 0x00080000, ABSOLUTE)

    Execution Region ER_IROM1 (Exec base: 0x00000000, Load base: 0x00000000, Size: 0x000000d4, Max: 0x00080000, ABSOLUTE)

    Exec Addr    Load Addr    Size         Type   Attr      Idx    E Section Name        Object

    0x00000000   0x00000000   0x000000d4   Code   RO            2  * RESET               lab2-recursion.o


    Execution Region RW_IRAM1 (Exec base: 0x40000000, Load base: 0x000000d4, Size: 0x00000028, Max: 0x00010000, ABSOLUTE, UNINIT)

    Exec Addr    Load Addr    Size         Type   Attr      Idx    E Section Name        Object

    0x40000000   0x000000d4   0x00000028   Data   RW            1    globals             lab2-recursion.o


==============================================================================

Image component sizes


      Code (inc. data)   RO Data    RW Data    ZI Data      Debug   Object Name

       212         48          0         40          0        324   lab2-recursion.o

    ----------------------------------------------------------------------
       212         48          0         40          0        324   Object Totals
         0          0          0          0          0          0   (incl. Generated)
         0          0          0          0          0          0   (incl. Padding)

    ----------------------------------------------------------------------
         0          0          0          0          0          0   Library Totals
         0          0          0          0          0          0   (incl. Padding)

    ----------------------------------------------------------------------

==============================================================================


      Code (inc. data)   RO Data    RW Data    ZI Data      Debug   

       212         48          0         40          0        324   Grand Totals
       212         48          0         40          0        324   ELF Image Totals
       212         48          0         40          0          0   ROM Totals

==============================================================================

    Total RO  Size (Code + RO Data)                  212 (   0.21kB)
    Total RW  Size (RW Data + ZI Data)                40 (   0.04kB)
    Total ROM Size (Code + RO Data + RW Data)        252 (   0.25kB)

==============================================================================

